Fetching registry information from https://github.com/microsoft/vcpkg (HEAD)...
Detecting compiler hash for triplet x64-windows...
Compiler found: C:/Program Files/Microsoft Visual Studio/18/Community/VC/Tools/MSVC/14.51.36231/bin/Hostx64/x64/cl.exe
The following packages will be built and installed:
    sdl3:x64-windows@3.4.16 -- git+https://github.com/microsoft/vcpkg@a0345eab430390a0758a40d2062eda9cb43f670c
  * vcpkg-cmake:x64-windows@2025-08-07 -- git+https://github.com/microsoft/vcpkg@16b9390dfeaca6df7288ba3f827e40e48e5fc942
  * vcpkg-cmake-config:x64-windows@2026-07-21 -- git+https://github.com/microsoft/vcpkg@51befcb03097f8d19c1c59f9ec3625e69d85322a
Additional packages (*) will be modified to complete this operation.
Restored 3 package(s) from C:\Users\abelno\AppData\Local\vcpkg\archives in 242 ms. Use --debug to see more details.
Installing 1/3 vcpkg-cmake-config:x64-windows@2026-07-21...
vcpkg-cmake-config:x64-windows@2026-07-21 package ABI: 63dfd3e7e531585aaa2a5c16f354d19beec8b8bc71d0c509acd51cbd6eebb4bc
Elapsed time to handle vcpkg-cmake-config:x64-windows: 23.7 ms
Installing 2/3 vcpkg-cmake:x64-windows@2025-08-07...
vcpkg-cmake:x64-windows@2025-08-07 package ABI: 0a1744074d24a594a6facd62aa31b4da31800953aaaac5be6a1db5eeb0820375
Elapsed time to handle vcpkg-cmake:x64-windows: 111 ms
Installing 3/3 sdl3:x64-windows@3.4.16...
sdl3:x64-windows@3.4.16 package ABI: 4ea31df670b4b707d93c636d1ede9038a2e7fe2987ab7b9977c3adae4e3c2a3b
Elapsed time to handle sdl3:x64-windows: 96.6 ms
Installed contents are licensed to you by owners. Microsoft is not responsible for, nor does it grant any licenses to, third-party packages.
Packages installed in this vcpkg installation declare the following licenses:
Apache-2.0
BSD-3-Clause
MIT
Zlib
sdl3 provides CMake targets:

  find_package(SDL3 CONFIG REQUIRED)
  target_link_libraries(main PRIVATE SDL3::SDL3)

All requested installations completed successfully in: 243 ms
